[INFO] Scanning for projects...
[INFO] 
[INFO] -------------------------< com.fraud:backend >--------------------------
[INFO] Building backend 0.0.1-SNAPSHOT
[INFO]   from pom.xml
[INFO] --------------------------------[ jar ]---------------------------------
[INFO] 
[INFO] >>> spring-boot:3.5.6:run (default-cli) > test-compile @ backend >>>
[INFO] 
[INFO] --- resources:3.3.1:resources (default-resources) @ backend ---
[INFO] Copying 2 resources from src\main\resources to target\classes
[INFO] Copying 1 resource from src\main\resources to target\classes
[INFO] 
[INFO] --- compiler:3.14.0:compile (default-compile) @ backend ---
[INFO] Nothing to compile - all classes are up to date.
[INFO] 
[INFO] --- resources:3.3.1:testResources (default-testResources) @ backend ---
[INFO] skip non existing resourceDirectory C:\Users\eshwa\Desktop\FraudShield_FIXED\FraudShield_FIXED\backend\backend\src\test\resources
[INFO] 
[INFO] --- compiler:3.14.0:testCompile (default-testCompile) @ backend ---
[INFO] Nothing to compile - all classes are up to date.
[INFO] 
[INFO] <<< spring-boot:3.5.6:run (default-cli) < test-compile @ backend <<<
[INFO] 
[INFO] 
[INFO] --- spring-boot:3.5.6:run (default-cli) @ backend ---
[INFO] Attaching agents: []

  .   ____          _            __ _ _
 /\\ / ___'_ __ _ _(_)_ __  __ _ \ \ \ \
( ( )\___ | '_ | '_| | '_ \/ _` | \ \ \ \
 \\/  ___)| |_)| | | | | || (_| |  ) ) ) )
  '  |____| .__|_| |_|_| |_\__, | / / / /
 =========|_|==============|___/=/_/_/_/

 :: Spring Boot ::                (v3.5.6)

2026-09-22T11:54:50.274+05:30  INFO 40052 --- [backend] [           main] com.fraud.backend.BackendApplication     : Starting BackendApplication using Java 17.0.12 with PID 40052 (C:\Users\eshwa\Desktop\FraudShield_FIXED\FraudShield_FIXED\backend\backend\target\classes started by eshwa in C:\Users\eshwa\Desktop\FraudShield_FIXED\FraudShield_FIXED\backend\backend)
2026-09-22T11:54:50.279+05:30  INFO 40052 --- [backend] [           main] com.fraud.backend.BackendApplication     : No active profile set, falling back to 1 default profile: "default"
2026-09-22T11:54:51.907+05:30  INFO 40052 --- [backend] [           main] .s.d.r.c.RepositoryConfigurationDelegate : Bootstrapping Spring Data JPA repositories in DEFAULT mode.
2026-09-22T11:54:52.321+05:30  INFO 40052 --- [backend] [           main] .s.d.r.c.RepositoryConfigurationDelegate : Finished Spring Data repository scanning in 396 ms. Found 6 JPA repository interfaces.
2026-09-22T11:54:53.810+05:30  INFO 40052 --- [backend] [           main] o.s.b.w.embedded.tomcat.TomcatWebServer  : Tomcat initialized with port 8087 (http)
2026-09-22T11:54:53.866+05:30  INFO 40052 --- [backend] [           main] o.apache.catalina.core.StandardService   : Starting service [Tomcat]
2026-09-22T11:54:53.868+05:30  INFO 40052 --- [backend] [           main] o.apache.catalina.core.StandardEngine    : Starting Servlet engine: [Apache Tomcat/10.1.46]
2026-09-22T11:54:54.281+05:30  INFO 40052 --- [backend] [           main] o.a.c.c.C.[Tomcat].[localhost].[/]       : Initializing Spring embedded WebApplicationContext
2026-09-22T11:54:54.286+05:30  INFO 40052 --- [backend] [           main] w.s.c.ServletWebServerApplicationContext : Root WebApplicationContext: initialization completed in 3946 ms
2026-09-22T11:54:55.834+05:30  INFO 40052 --- [backend] [           main] o.hibernate.jpa.internal.util.LogHelper  : HHH000204: Processing PersistenceUnitInfo [name: default]
2026-09-22T11:54:56.273+05:30  INFO 40052 --- [backend] [           main] org.hibernate.Version                    : HHH000412: Hibernate ORM core version 6.6.29.Final
2026-09-22T11:54:56.586+05:30  INFO 40052 --- [backend] [           main] o.h.c.internal.RegionFactoryInitiator    : HHH000026: Second-level cache disabled
2026-09-22T11:54:58.332+05:30  INFO 40052 --- [backend] [           main] o.s.o.j.p.SpringPersistenceUnitInfo      : No LoadTimeWeaver setup: ignoring JPA class transformer
2026-09-22T11:54:58.513+05:30  INFO 40052 --- [backend] [           main] com.zaxxer.hikari.HikariDataSource       : HikariPool-1 - Starting...
2026-09-22T11:54:59.710+05:30  INFO 40052 --- [backend] [           main] com.zaxxer.hikari.pool.HikariPool        : HikariPool-1 - Added connection conn0: url=jdbc:h2:mem:fraudshield user=SA
2026-09-22T11:54:59.718+05:30  INFO 40052 --- [backend] [           main] com.zaxxer.hikari.HikariDataSource       : HikariPool-1 - Start completed.
2026-09-22T11:54:59.830+05:30  WARN 40052 --- [backend] [           main] org.hibernate.orm.deprecation            : HHH90000025: H2Dialect does not need to be specified explicitly using 'hibernate.dialect' (remove the property setting and it will be selected by default)
2026-09-22T11:54:59.934+05:30  INFO 40052 --- [backend] [           main] org.hibernate.orm.connections.pooling    : HHH10001005: Database info:
	Database JDBC URL [Connecting through datasource 'HikariDataSource (HikariPool-1)']
	Database driver: undefined/unknown
	Database version: 2.3.232
	Autocommit mode: undefined/unknown
	Isolation level: undefined/unknown
	Minimum pool size: undefined/unknown
	Maximum pool size: undefined/unknown
2026-09-22T11:55:05.834+05:30  INFO 40052 --- [backend] [           main] o.h.e.t.j.p.i.JtaPlatformInitiator       : HHH000489: No JTA platform available (set 'hibernate.transaction.jta.platform' to enable JTA platform integration)
Hibernate: create table identity_verifications (id bigint generated by default as identity, aadhaar_last4 varchar(255), aadhaar_verified boolean not null, created_at timestamp(6), identity_verified boolean not null, mobile_number_masked varchar(255), mobile_verified boolean not null, updated_at timestamp(6), verification_method varchar(255), verified_address TEXT, verified_at timestamp(6), verified_dob varchar(255), verified_gender varchar(255), verified_name varchar(255), user_id bigint not null, primary key (id))
Hibernate: create table known_devices (id bigint generated by default as identity, device_key varchar(128) not null, first_seen_at timestamp(6), last_seen_at timestamp(6), user_id bigint not null, primary key (id))
Hibernate: create table loan_applications (id bigint generated by default as identity, aadhaar_last4 varchar(255), actual_outcome varchar(255), age integer not null check (age>=18), annual_income float(53) not null, applicant_ip varchar(255), city varchar(255), created_at timestamp(6), credit_score integer not null check ((credit_score>=300) and (credit_score<=900)), decision varchar(255), decision_source varchar(255), device_known varchar(255), device_risk varchar(255), email varchar(255) not null, employment_type varchar(255) not null, existing_loans integer not null check (existing_loans>=0), full_name varchar(255) not null, id_document_name varchar(255), identity_verified boolean, loan_amount float(53) not null, loan_purpose varchar(255) not null, location_risk varchar(255), masked_aadhaar varchar(255), ml_assessment TEXT, ml_feature_vector TEXT, ml_fraud_probability float(53), ml_recommendation varchar(255), ml_request_id varchar(255), mobile_verified boolean, model_explanation TEXT, model_version varchar(255), national_id_number varchar(255), national_id_type varchar(255), pan_number varchar(255), phone varchar(255), reviewed_at timestamp(6), reviewed_by varchar(255), risk_score float(53), rule_risk_score float(53), state varchar(255), status varchar(255), updated_at timestamp(6), user_id bigint, primary key (id))
Hibernate: create table otp_verifications (id bigint generated by default as identity, attempt_count integer not null, created_at timestamp(6), expires_at timestamp(6) not null, mobile_number varchar(255) not null, otp_hash varchar(255) not null, verified boolean not null, user_id bigint not null, primary key (id))
Hibernate: create table transactions (id bigint generated by default as identity, amount float(53) not null, created_at timestamp(6), decision varchar(255), fraud boolean, fraud_score float(53), reason varchar(500), receiver varchar(255), sender varchar(255), updated_at timestamp(6), primary key (id))
Hibernate: create table users (id bigint generated by default as identity, created_at timestamp(6), email varchar(255) not null, name varchar(255) not null, password_hash varchar(255) not null, role varchar(255) not null, primary key (id))
Hibernate: alter table if exists identity_verifications drop constraint if exists UKmxno26mdqk6a35mjr42054qvm
Hibernate: alter table if exists identity_verifications add constraint UKmxno26mdqk6a35mjr42054qvm unique (user_id)
Hibernate: alter table if exists known_devices drop constraint if exists UKpwuv4weqlwfi8ghtpyphvxq5d
Hibernate: alter table if exists known_devices add constraint UKpwuv4weqlwfi8ghtpyphvxq5d unique (user_id, device_key)
Hibernate: alter table if exists users drop constraint if exists UK6dotkott2kjsp8vw4d0m25fb7
Hibernate: alter table if exists users add constraint UK6dotkott2kjsp8vw4d0m25fb7 unique (email)
Hibernate: alter table if exists identity_verifications add constraint FKdvhkqf3v3puvymyb9iec8dv30 foreign key (user_id) references users
Hibernate: alter table if exists known_devices add constraint FKmfo0l6mgixgq1ap124lo92pil foreign key (user_id) references users
Hibernate: alter table if exists loan_applications add constraint FKbmegisduy0ibu084cvj72x1cd foreign key (user_id) references users
Hibernate: alter table if exists otp_verifications add constraint FKssn2wgmijxelm0u26ti271lcf foreign key (user_id) references users
2026-09-22T11:55:06.280+05:30  INFO 40052 --- [backend] [           main] j.LocalContainerEntityManagerFactoryBean : Initialized JPA EntityManagerFactory for persistence unit 'default'
FraudAIService Loaded!
2026-09-22T11:55:11.199+05:30  WARN 40052 --- [backend] [           main] JpaBaseConfiguration$JpaWebConfiguration : spring.jpa.open-in-view is enabled by default. Therefore, database queries may be performed during view rendering. Explicitly configure spring.jpa.open-in-view to disable this warning
2026-09-22T11:55:11.467+05:30  INFO 40052 --- [backend] [           main] r$InitializeUserDetailsManagerConfigurer : Global AuthenticationManager configured with UserDetailsService bean with name databaseUserDetailsService
2026-09-22T11:55:12.922+05:30  INFO 40052 --- [backend] [           main] o.s.b.a.e.web.EndpointLinksResolver      : Exposing 2 endpoints beneath base path '/actuator'
2026-09-22T11:55:15.052+05:30  INFO 40052 --- [backend] [           main] o.s.b.w.embedded.tomcat.TomcatWebServer  : Tomcat started on port 8087 (http) with context path '/'
2026-09-22T11:55:15.134+05:30  INFO 40052 --- [backend] [           main] com.fraud.backend.BackendApplication     : Started BackendApplication in 25.443 seconds (process running for 26.303)
Hibernate: select au1_0.id from users au1_0 where upper(au1_0.email)=upper(?) fetch first ? rows only
2026-09-22T11:55:16.609+05:30  INFO 40052 --- [backend] [nio-8087-exec-2] o.a.c.c.C.[Tomcat].[localhost].[/]       : Initializing Spring DispatcherServlet 'dispatcherServlet'
2026-09-22T11:55:16.610+05:30  INFO 40052 --- [backend] [nio-8087-exec-2] o.s.web.servlet.DispatcherServlet        : Initializing Servlet 'dispatcherServlet'
2026-09-22T11:55:16.620+05:30  INFO 40052 --- [backend] [nio-8087-exec-2] o.s.web.servlet.DispatcherServlet        : Completed initialization in 8 ms
Hibernate: insert into users (created_at,email,name,password_hash,role,id) values (?,?,?,?,?,default)
Hibernate: select au1_0.id,au1_0.created_at,au1_0.email,au1_0.name,au1_0.password_hash,au1_0.role from users au1_0 where upper(au1_0.email)=upper(?)
Hibernate: select au1_0.id,au1_0.created_at,au1_0.email,au1_0.name,au1_0.password_hash,au1_0.role from users au1_0 where upper(au1_0.email)=upper(?)
Hibernate: select au1_0.id,au1_0.created_at,au1_0.email,au1_0.name,au1_0.password_hash,au1_0.role from users au1_0 where upper(au1_0.email)=upper(?)
Hibernate: select au1_0.id from users au1_0 where upper(au1_0.email)=upper(?) fetch first ? rows only
Hibernate: insert into users (created_at,email,name,password_hash,role,id) values (?,?,?,?,?,default)
Hibernate: select au1_0.id,au1_0.created_at,au1_0.email,au1_0.name,au1_0.password_hash,au1_0.role from users au1_0 where upper(au1_0.email)=upper(?)
Hibernate: select iv1_0.id,iv1_0.aadhaar_last4,iv1_0.aadhaar_verified,iv1_0.created_at,iv1_0.identity_verified,iv1_0.mobile_number_masked,iv1_0.mobile_verified,iv1_0.updated_at,iv1_0.user_id,iv1_0.verification_method,iv1_0.verified_address,iv1_0.verified_at,iv1_0.verified_dob,iv1_0.verified_gender,iv1_0.verified_name from identity_verifications iv1_0 where iv1_0.user_id=?
Hibernate: select au1_0.id,au1_0.created_at,au1_0.email,au1_0.name,au1_0.password_hash,au1_0.role from users au1_0 where upper(au1_0.email)=upper(?)
Hibernate: select iv1_0.id,iv1_0.aadhaar_last4,iv1_0.aadhaar_verified,iv1_0.created_at,iv1_0.identity_verified,iv1_0.mobile_number_masked,iv1_0.mobile_verified,iv1_0.updated_at,iv1_0.user_id,iv1_0.verification_method,iv1_0.verified_address,iv1_0.verified_at,iv1_0.verified_dob,iv1_0.verified_gender,iv1_0.verified_name from identity_verifications iv1_0 where iv1_0.user_id=?
Hibernate: select au1_0.id,au1_0.created_at,au1_0.email,au1_0.name,au1_0.password_hash,au1_0.role from users au1_0 where upper(au1_0.email)=upper(?)
Hibernate: select au1_0.id,au1_0.created_at,au1_0.email,au1_0.name,au1_0.password_hash,au1_0.role from users au1_0 where upper(au1_0.email)=upper(?)
Hibernate: select iv1_0.id,iv1_0.aadhaar_last4,iv1_0.aadhaar_verified,iv1_0.created_at,iv1_0.identity_verified,iv1_0.mobile_number_masked,iv1_0.mobile_verified,iv1_0.updated_at,iv1_0.user_id,iv1_0.verification_method,iv1_0.verified_address,iv1_0.verified_at,iv1_0.verified_dob,iv1_0.verified_gender,iv1_0.verified_name from identity_verifications iv1_0 where iv1_0.user_id=?
Hibernate: insert into identity_verifications (aadhaar_last4,aadhaar_verified,created_at,identity_verified,mobile_number_masked,mobile_verified,updated_at,user_id,verification_method,verified_address,verified_at,verified_dob,verified_gender,verified_name,id) values (?,?,?,?,?,?,?,?,?,?,?,?,?,?,default)
Hibernate: select au1_0.id,au1_0.created_at,au1_0.email,au1_0.name,au1_0.password_hash,au1_0.role from users au1_0 where upper(au1_0.email)=upper(?)
Hibernate: insert into otp_verifications (attempt_count,created_at,expires_at,mobile_number,otp_hash,user_id,verified,id) values (?,?,?,?,?,?,?,default)
Demo OTP sent to +91******3525 OTP: 196862
Hibernate: select au1_0.id,au1_0.created_at,au1_0.email,au1_0.name,au1_0.password_hash,au1_0.role from users au1_0 where upper(au1_0.email)=upper(?)
Hibernate: select ov1_0.id,ov1_0.attempt_count,ov1_0.created_at,ov1_0.expires_at,ov1_0.mobile_number,ov1_0.otp_hash,ov1_0.user_id,ov1_0.verified from otp_verifications ov1_0 where ov1_0.user_id=? and not(ov1_0.verified) order by ov1_0.created_at desc fetch first ? rows only
Hibernate: select iv1_0.id,iv1_0.aadhaar_last4,iv1_0.aadhaar_verified,iv1_0.created_at,iv1_0.identity_verified,iv1_0.mobile_number_masked,iv1_0.mobile_verified,iv1_0.updated_at,iv1_0.user_id,iv1_0.verification_method,iv1_0.verified_address,iv1_0.verified_at,iv1_0.verified_dob,iv1_0.verified_gender,iv1_0.verified_name from identity_verifications iv1_0 where iv1_0.user_id=?
Hibernate: select kd1_0.id,kd1_0.device_key,kd1_0.first_seen_at,kd1_0.last_seen_at,kd1_0.user_id from known_devices kd1_0 where kd1_0.user_id=? and kd1_0.device_key=?
Hibernate: insert into known_devices (device_key,first_seen_at,last_seen_at,user_id,id) values (?,?,?,?,default)
Hibernate: update otp_verifications set attempt_count=?,expires_at=?,mobile_number=?,otp_hash=?,user_id=?,verified=? where id=?
Hibernate: update identity_verifications set aadhaar_last4=?,aadhaar_verified=?,identity_verified=?,mobile_number_masked=?,mobile_verified=?,updated_at=?,user_id=?,verification_method=?,verified_address=?,verified_at=?,verified_dob=?,verified_gender=?,verified_name=? where id=?
Hibernate: select au1_0.id,au1_0.created_at,au1_0.email,au1_0.name,au1_0.password_hash,au1_0.role from users au1_0 where upper(au1_0.email)=upper(?)
Hibernate: select iv1_0.id,iv1_0.aadhaar_last4,iv1_0.aadhaar_verified,iv1_0.created_at,iv1_0.identity_verified,iv1_0.mobile_number_masked,iv1_0.mobile_verified,iv1_0.updated_at,iv1_0.user_id,iv1_0.verification_method,iv1_0.verified_address,iv1_0.verified_at,iv1_0.verified_dob,iv1_0.verified_gender,iv1_0.verified_name from identity_verifications iv1_0 where iv1_0.user_id=?
Hibernate: select au1_0.id,au1_0.created_at,au1_0.email,au1_0.name,au1_0.password_hash,au1_0.role from users au1_0 where upper(au1_0.email)=upper(?)
Hibernate: select iv1_0.id,iv1_0.aadhaar_last4,iv1_0.aadhaar_verified,iv1_0.created_at,iv1_0.identity_verified,iv1_0.mobile_number_masked,iv1_0.mobile_verified,iv1_0.updated_at,iv1_0.user_id,iv1_0.verification_method,iv1_0.verified_address,iv1_0.verified_at,iv1_0.verified_dob,iv1_0.verified_gender,iv1_0.verified_name from identity_verifications iv1_0 where iv1_0.user_id=?
Hibernate: select au1_0.id,au1_0.created_at,au1_0.email,au1_0.name,au1_0.password_hash,au1_0.role from users au1_0 where upper(au1_0.email)=upper(?)
Hibernate: select iv1_0.id,iv1_0.aadhaar_last4,iv1_0.aadhaar_verified,iv1_0.created_at,iv1_0.identity_verified,iv1_0.mobile_number_masked,iv1_0.mobile_verified,iv1_0.updated_at,iv1_0.user_id,iv1_0.verification_method,iv1_0.verified_address,iv1_0.verified_at,iv1_0.verified_dob,iv1_0.verified_gender,iv1_0.verified_name from identity_verifications iv1_0 where iv1_0.user_id=?
Hibernate: select kd1_0.id,kd1_0.device_key,kd1_0.first_seen_at,kd1_0.last_seen_at,kd1_0.user_id from known_devices kd1_0 where kd1_0.user_id=? and kd1_0.device_key=?
================ FRAUD MODEL =================
Application ID: PENDING
Model Version: bootstrap-a930e8f0719f
Features: {"identityVerified":1,"mobileVerified":1,"deviceRisk":"LOW","locationRisk":"LOW","income":100000.0,"loanAmount":50000.0,"creditScore":700,"existingLoans":0,"loanToIncomeRatio":0.5,"employmentType":"SALARIED","modelTelemetry":{"deviceUnknown":0,"locationRisk":0,"sessionSeconds":180,"failedLogins24h":0,"ipChanged":0}}
ML Fraud Probability: 0.2%
Rule Score: 28.00
Decision Source: HYBRID_RULES+ML
==============================================
Hibernate: insert into loan_applications (aadhaar_last4,actual_outcome,age,annual_income,applicant_ip,city,created_at,credit_score,decision,decision_source,device_known,device_risk,email,employment_type,existing_loans,full_name,id_document_name,identity_verified,loan_amount,loan_purpose,location_risk,masked_aadhaar,ml_assessment,ml_feature_vector,ml_fraud_probability,ml_recommendation,ml_request_id,mobile_verified,model_explanation,model_version,national_id_number,national_id_type,pan_number,phone,reviewed_at,reviewed_by,risk_score,rule_risk_score,state,status,updated_at,user_id,id) values (?,?,?,?,?,?,?,?,?,?,?,?,?,?,?,?,?,?,?,?,?,?,?,?,?,?,?,?,?,?,?,?,?,?,?,?,?,?,?,?,?,?,default)
Final stored feature vector for application 1: {"mlFraudProbability":0.002001,"finalRiskScore":15.49,"decision":"LOW_RISK","featureVector":"{\"identityVerified\":1,\"mobileVerified\":1,\"deviceRisk\":\"LOW\",\"locationRisk\":\"LOW\",\"income\":100000.0,\"loanAmount\":50000.0,\"creditScore\":700,\"existingLoans\":0,\"loanToIncomeRatio\":0.5,\"employmentType\":\"SALARIED\",\"modelTelemetry\":{\"deviceUnknown\":0,\"locationRisk\":0,\"sessionSeconds\":180,\"failedLogins24h\":0,\"ipChanged\":0}}","ruleBasedScore":28.0}
Hibernate: select au1_0.id,au1_0.created_at,au1_0.email,au1_0.name,au1_0.password_hash,au1_0.role from users au1_0 where upper(au1_0.email)=upper(?)
Hibernate: select iv1_0.id,iv1_0.aadhaar_last4,iv1_0.aadhaar_verified,iv1_0.created_at,iv1_0.identity_verified,iv1_0.mobile_number_masked,iv1_0.mobile_verified,iv1_0.updated_at,iv1_0.user_id,iv1_0.verification_method,iv1_0.verified_address,iv1_0.verified_at,iv1_0.verified_dob,iv1_0.verified_gender,iv1_0.verified_name from identity_verifications iv1_0 where iv1_0.user_id=?
Hibernate: select au1_0.id,au1_0.created_at,au1_0.email,au1_0.name,au1_0.password_hash,au1_0.role from users au1_0 where upper(au1_0.email)=upper(?)
Hibernate: select iv1_0.id,iv1_0.aadhaar_last4,iv1_0.aadhaar_verified,iv1_0.created_at,iv1_0.identity_verified,iv1_0.mobile_number_masked,iv1_0.mobile_verified,iv1_0.updated_at,iv1_0.user_id,iv1_0.verification_method,iv1_0.verified_address,iv1_0.verified_at,iv1_0.verified_dob,iv1_0.verified_gender,iv1_0.verified_name from identity_verifications iv1_0 where iv1_0.user_id=?
Hibernate: select au1_0.id,au1_0.created_at,au1_0.email,au1_0.name,au1_0.password_hash,au1_0.role from users au1_0 where upper(au1_0.email)=upper(?)
Hibernate: select iv1_0.id,iv1_0.aadhaar_last4,iv1_0.aadhaar_verified,iv1_0.created_at,iv1_0.identity_verified,iv1_0.mobile_number_masked,iv1_0.mobile_verified,iv1_0.updated_at,iv1_0.user_id,iv1_0.verification_method,iv1_0.verified_address,iv1_0.verified_at,iv1_0.verified_dob,iv1_0.verified_gender,iv1_0.verified_name from identity_verifications iv1_0 where iv1_0.user_id=?
Hibernate: select au1_0.id,au1_0.created_at,au1_0.email,au1_0.name,au1_0.password_hash,au1_0.role from users au1_0 where upper(au1_0.email)=upper(?)
Hibernate: select iv1_0.id,iv1_0.aadhaar_last4,iv1_0.aadhaar_verified,iv1_0.created_at,iv1_0.identity_verified,iv1_0.mobile_number_masked,iv1_0.mobile_verified,iv1_0.updated_at,iv1_0.user_id,iv1_0.verification_method,iv1_0.verified_address,iv1_0.verified_at,iv1_0.verified_dob,iv1_0.verified_gender,iv1_0.verified_name from identity_verifications iv1_0 where iv1_0.user_id=?
Hibernate: select au1_0.id,au1_0.created_at,au1_0.email,au1_0.name,au1_0.password_hash,au1_0.role from users au1_0 where upper(au1_0.email)=upper(?)
Hibernate: select la1_0.id,la1_0.aadhaar_last4,la1_0.actual_outcome,la1_0.age,la1_0.annual_income,la1_0.applicant_ip,la1_0.city,la1_0.created_at,la1_0.credit_score,la1_0.decision,la1_0.decision_source,la1_0.device_known,la1_0.device_risk,la1_0.email,la1_0.employment_type,la1_0.existing_loans,la1_0.full_name,la1_0.id_document_name,la1_0.identity_verified,la1_0.loan_amount,la1_0.loan_purpose,la1_0.location_risk,la1_0.masked_aadhaar,la1_0.ml_assessment,la1_0.ml_feature_vector,la1_0.ml_fraud_probability,la1_0.ml_recommendation,la1_0.ml_request_id,la1_0.mobile_verified,la1_0.model_explanation,la1_0.model_version,la1_0.national_id_number,la1_0.national_id_type,la1_0.pan_number,la1_0.phone,la1_0.reviewed_at,la1_0.reviewed_by,la1_0.risk_score,la1_0.rule_risk_score,la1_0.state,la1_0.status,la1_0.updated_at,la1_0.user_id from loan_applications la1_0 where la1_0.user_id=? order by la1_0.created_at desc
Hibernate: select au1_0.id,au1_0.created_at,au1_0.email,au1_0.name,au1_0.password_hash,au1_0.role from users au1_0 where upper(au1_0.email)=upper(?)
Hibernate: select la1_0.id,la1_0.aadhaar_last4,la1_0.actual_outcome,la1_0.age,la1_0.annual_income,la1_0.applicant_ip,la1_0.city,la1_0.created_at,la1_0.credit_score,la1_0.decision,la1_0.decision_source,la1_0.device_known,la1_0.device_risk,la1_0.email,la1_0.employment_type,la1_0.existing_loans,la1_0.full_name,la1_0.id_document_name,la1_0.identity_verified,la1_0.loan_amount,la1_0.loan_purpose,la1_0.location_risk,la1_0.masked_aadhaar,la1_0.ml_assessment,la1_0.ml_feature_vector,la1_0.ml_fraud_probability,la1_0.ml_recommendation,la1_0.ml_request_id,la1_0.mobile_verified,la1_0.model_explanation,la1_0.model_version,la1_0.national_id_number,la1_0.national_id_type,la1_0.pan_number,la1_0.phone,la1_0.reviewed_at,la1_0.reviewed_by,la1_0.risk_score,la1_0.rule_risk_score,la1_0.state,la1_0.status,la1_0.updated_at,la1_0.user_id from loan_applications la1_0 where la1_0.user_id=? order by la1_0.created_at desc
Hibernate: select au1_0.id,au1_0.created_at,au1_0.email,au1_0.name,au1_0.password_hash,au1_0.role from users au1_0 where upper(au1_0.email)=upper(?)
Hibernate: select au1_0.id,au1_0.created_at,au1_0.email,au1_0.name,au1_0.password_hash,au1_0.role from users au1_0 where upper(au1_0.email)=upper(?)
Hibernate: select la1_0.id,la1_0.aadhaar_last4,la1_0.actual_outcome,la1_0.age,la1_0.annual_income,la1_0.applicant_ip,la1_0.city,la1_0.created_at,la1_0.credit_score,la1_0.decision,la1_0.decision_source,la1_0.device_known,la1_0.device_risk,la1_0.email,la1_0.employment_type,la1_0.existing_loans,la1_0.full_name,la1_0.id_document_name,la1_0.identity_verified,la1_0.loan_amount,la1_0.loan_purpose,la1_0.location_risk,la1_0.masked_aadhaar,la1_0.ml_assessment,la1_0.ml_feature_vector,la1_0.ml_fraud_probability,la1_0.ml_recommendation,la1_0.ml_request_id,la1_0.mobile_verified,la1_0.model_explanation,la1_0.model_version,la1_0.national_id_number,la1_0.national_id_type,la1_0.pan_number,la1_0.phone,la1_0.reviewed_at,la1_0.reviewed_by,la1_0.risk_score,la1_0.rule_risk_score,la1_0.state,la1_0.status,la1_0.updated_at,la1_0.user_id from loan_applications la1_0
Hibernate: select la1_0.id,la1_0.aadhaar_last4,la1_0.actual_outcome,la1_0.age,la1_0.annual_income,la1_0.applicant_ip,la1_0.city,la1_0.created_at,la1_0.credit_score,la1_0.decision,la1_0.decision_source,la1_0.device_known,la1_0.device_risk,la1_0.email,la1_0.employment_type,la1_0.existing_loans,la1_0.full_name,la1_0.id_document_name,la1_0.identity_verified,la1_0.loan_amount,la1_0.loan_purpose,la1_0.location_risk,la1_0.masked_aadhaar,la1_0.ml_assessment,la1_0.ml_feature_vector,la1_0.ml_fraud_probability,la1_0.ml_recommendation,la1_0.ml_request_id,la1_0.mobile_verified,la1_0.model_explanation,la1_0.model_version,la1_0.national_id_number,la1_0.national_id_type,la1_0.pan_number,la1_0.phone,la1_0.reviewed_at,la1_0.reviewed_by,la1_0.risk_score,la1_0.rule_risk_score,la1_0.state,la1_0.status,la1_0.updated_at,la1_0.user_id from loan_applications la1_0
Hibernate: select la1_0.id,la1_0.aadhaar_last4,la1_0.actual_outcome,la1_0.age,la1_0.annual_income,la1_0.applicant_ip,la1_0.city,la1_0.created_at,la1_0.credit_score,la1_0.decision,la1_0.decision_source,la1_0.device_known,la1_0.device_risk,la1_0.email,la1_0.employment_type,la1_0.existing_loans,la1_0.full_name,la1_0.id_document_name,la1_0.identity_verified,la1_0.loan_amount,la1_0.loan_purpose,la1_0.location_risk,la1_0.masked_aadhaar,la1_0.ml_assessment,la1_0.ml_feature_vector,la1_0.ml_fraud_probability,la1_0.ml_recommendation,la1_0.ml_request_id,la1_0.mobile_verified,la1_0.model_explanation,la1_0.model_version,la1_0.national_id_number,la1_0.national_id_type,la1_0.pan_number,la1_0.phone,la1_0.reviewed_at,la1_0.reviewed_by,la1_0.risk_score,la1_0.rule_risk_score,la1_0.state,la1_0.status,la1_0.updated_at,la1_0.user_id from loan_applications la1_0 where la1_0.id=?
Hibernate: select la1_0.id,la1_0.aadhaar_last4,la1_0.actual_outcome,la1_0.age,la1_0.annual_income,la1_0.applicant_ip,la1_0.city,la1_0.created_at,la1_0.credit_score,la1_0.decision,la1_0.decision_source,la1_0.device_known,la1_0.device_risk,la1_0.email,la1_0.employment_type,la1_0.existing_loans,la1_0.full_name,la1_0.id_document_name,la1_0.identity_verified,la1_0.loan_amount,la1_0.loan_purpose,la1_0.location_risk,la1_0.masked_aadhaar,la1_0.ml_assessment,la1_0.ml_feature_vector,la1_0.ml_fraud_probability,la1_0.ml_recommendation,la1_0.ml_request_id,la1_0.mobile_verified,la1_0.model_explanation,la1_0.model_version,la1_0.national_id_number,la1_0.national_id_type,la1_0.pan_number,la1_0.phone,la1_0.reviewed_at,la1_0.reviewed_by,la1_0.risk_score,la1_0.rule_risk_score,la1_0.state,la1_0.status,la1_0.updated_at,la1_0.user_id from loan_applications la1_0 where la1_0.id=?
Hibernate: select la1_0.id,la1_0.aadhaar_last4,la1_0.actual_outcome,la1_0.age,la1_0.annual_income,la1_0.applicant_ip,la1_0.city,la1_0.created_at,la1_0.credit_score,la1_0.decision,la1_0.decision_source,la1_0.device_known,la1_0.device_risk,la1_0.email,la1_0.employment_type,la1_0.existing_loans,la1_0.full_name,la1_0.id_document_name,la1_0.identity_verified,la1_0.loan_amount,la1_0.loan_purpose,la1_0.location_risk,la1_0.masked_aadhaar,la1_0.ml_assessment,la1_0.ml_feature_vector,la1_0.ml_fraud_probability,la1_0.ml_recommendation,la1_0.ml_request_id,la1_0.mobile_verified,la1_0.model_explanation,la1_0.model_version,la1_0.national_id_number,la1_0.national_id_type,la1_0.pan_number,la1_0.phone,la1_0.reviewed_at,la1_0.reviewed_by,la1_0.risk_score,la1_0.rule_risk_score,la1_0.state,la1_0.status,la1_0.updated_at,la1_0.user_id from loan_applications la1_0
Hibernate: select la1_0.id,la1_0.aadhaar_last4,la1_0.actual_outcome,la1_0.age,la1_0.annual_income,la1_0.applicant_ip,la1_0.city,la1_0.created_at,la1_0.credit_score,la1_0.decision,la1_0.decision_source,la1_0.device_known,la1_0.device_risk,la1_0.email,la1_0.employment_type,la1_0.existing_loans,la1_0.full_name,la1_0.id_document_name,la1_0.identity_verified,la1_0.loan_amount,la1_0.loan_purpose,la1_0.location_risk,la1_0.masked_aadhaar,la1_0.ml_assessment,la1_0.ml_feature_vector,la1_0.ml_fraud_probability,la1_0.ml_recommendation,la1_0.ml_request_id,la1_0.mobile_verified,la1_0.model_explanation,la1_0.model_version,la1_0.national_id_number,la1_0.national_id_type,la1_0.pan_number,la1_0.phone,la1_0.reviewed_at,la1_0.reviewed_by,la1_0.risk_score,la1_0.rule_risk_score,la1_0.state,la1_0.status,la1_0.updated_at,la1_0.user_id from loan_applications la1_0
Hibernate: select au1_0.id from users au1_0 where upper(au1_0.email)=upper(?) fetch first ? rows only
Hibernate: insert into users (created_at,email,name,password_hash,role,id) values (?,?,?,?,?,default)
Hibernate: select au1_0.id,au1_0.created_at,au1_0.email,au1_0.name,au1_0.password_hash,au1_0.role from users au1_0 where upper(au1_0.email)=upper(?)
Hibernate: select la1_0.id,la1_0.aadhaar_last4,la1_0.actual_outcome,la1_0.age,la1_0.annual_income,la1_0.applicant_ip,la1_0.city,la1_0.created_at,la1_0.credit_score,la1_0.decision,la1_0.decision_source,la1_0.device_known,la1_0.device_risk,la1_0.email,la1_0.employment_type,la1_0.existing_loans,la1_0.full_name,la1_0.id_document_name,la1_0.identity_verified,la1_0.loan_amount,la1_0.loan_purpose,la1_0.location_risk,la1_0.masked_aadhaar,la1_0.ml_assessment,la1_0.ml_feature_vector,la1_0.ml_fraud_probability,la1_0.ml_recommendation,la1_0.ml_request_id,la1_0.mobile_verified,la1_0.model_explanation,la1_0.model_version,la1_0.national_id_number,la1_0.national_id_type,la1_0.pan_number,la1_0.phone,la1_0.reviewed_at,la1_0.reviewed_by,la1_0.risk_score,la1_0.rule_risk_score,la1_0.state,la1_0.status,la1_0.updated_at,la1_0.user_id from loan_applications la1_0 where la1_0.user_id=? order by la1_0.created_at desc
Hibernate: select au1_0.id,au1_0.created_at,au1_0.email,au1_0.name,au1_0.password_hash,au1_0.role from users au1_0 where upper(au1_0.email)=upper(?)
Hibernate: select la1_0.id,la1_0.aadhaar_last4,la1_0.actual_outcome,la1_0.age,la1_0.annual_income,la1_0.applicant_ip,la1_0.city,la1_0.created_at,la1_0.credit_score,la1_0.decision,la1_0.decision_source,la1_0.device_known,la1_0.device_risk,la1_0.email,la1_0.employment_type,la1_0.existing_loans,la1_0.full_name,la1_0.id_document_name,la1_0.identity_verified,la1_0.loan_amount,la1_0.loan_purpose,la1_0.location_risk,la1_0.masked_aadhaar,la1_0.ml_assessment,la1_0.ml_feature_vector,la1_0.ml_fraud_probability,la1_0.ml_recommendation,la1_0.ml_request_id,la1_0.mobile_verified,la1_0.model_explanation,la1_0.model_version,la1_0.national_id_number,la1_0.national_id_type,la1_0.pan_number,la1_0.phone,la1_0.reviewed_at,la1_0.reviewed_by,la1_0.risk_score,la1_0.rule_risk_score,la1_0.state,la1_0.status,la1_0.updated_at,la1_0.user_id from loan_applications la1_0 where la1_0.user_id=? order by la1_0.created_at desc
Hibernate: select au1_0.id,au1_0.created_at,au1_0.email,au1_0.name,au1_0.password_hash,au1_0.role from users au1_0 where upper(au1_0.email)=upper(?)
Hibernate: select iv1_0.id,iv1_0.aadhaar_last4,iv1_0.aadhaar_verified,iv1_0.created_at,iv1_0.identity_verified,iv1_0.mobile_number_masked,iv1_0.mobile_verified,iv1_0.updated_at,iv1_0.user_id,iv1_0.verification_method,iv1_0.verified_address,iv1_0.verified_at,iv1_0.verified_dob,iv1_0.verified_gender,iv1_0.verified_name from identity_verifications iv1_0 where iv1_0.user_id=?
Hibernate: select au1_0.id,au1_0.created_at,au1_0.email,au1_0.name,au1_0.password_hash,au1_0.role from users au1_0 where upper(au1_0.email)=upper(?)
Hibernate: select iv1_0.id,iv1_0.aadhaar_last4,iv1_0.aadhaar_verified,iv1_0.created_at,iv1_0.identity_verified,iv1_0.mobile_number_masked,iv1_0.mobile_verified,iv1_0.updated_at,iv1_0.user_id,iv1_0.verification_method,iv1_0.verified_address,iv1_0.verified_at,iv1_0.verified_dob,iv1_0.verified_gender,iv1_0.verified_name from identity_verifications iv1_0 where iv1_0.user_id=?
Hibernate: select au1_0.id,au1_0.created_at,au1_0.email,au1_0.name,au1_0.password_hash,au1_0.role from users au1_0 where upper(au1_0.email)=upper(?)
Hibernate: select iv1_0.id,iv1_0.aadhaar_last4,iv1_0.aadhaar_verified,iv1_0.created_at,iv1_0.identity_verified,iv1_0.mobile_number_masked,iv1_0.mobile_verified,iv1_0.updated_at,iv1_0.user_id,iv1_0.verification_method,iv1_0.verified_address,iv1_0.verified_at,iv1_0.verified_dob,iv1_0.verified_gender,iv1_0.verified_name from identity_verifications iv1_0 where iv1_0.user_id=?
Hibernate: select au1_0.id,au1_0.created_at,au1_0.email,au1_0.name,au1_0.password_hash,au1_0.role from users au1_0 where upper(au1_0.email)=upper(?)
Hibernate: select iv1_0.id,iv1_0.aadhaar_last4,iv1_0.aadhaar_verified,iv1_0.created_at,iv1_0.identity_verified,iv1_0.mobile_number_masked,iv1_0.mobile_verified,iv1_0.updated_at,iv1_0.user_id,iv1_0.verification_method,iv1_0.verified_address,iv1_0.verified_at,iv1_0.verified_dob,iv1_0.verified_gender,iv1_0.verified_name from identity_verifications iv1_0 where iv1_0.user_id=?
Hibernate: select au1_0.id,au1_0.created_at,au1_0.email,au1_0.name,au1_0.password_hash,au1_0.role from users au1_0 where upper(au1_0.email)=upper(?)
Hibernate: select au1_0.id,au1_0.created_at,au1_0.email,au1_0.name,au1_0.password_hash,au1_0.role from users au1_0 where upper(au1_0.email)=upper(?)
Hibernate: select iv1_0.id,iv1_0.aadhaar_last4,iv1_0.aadhaar_verified,iv1_0.created_at,iv1_0.identity_verified,iv1_0.mobile_number_masked,iv1_0.mobile_verified,iv1_0.updated_at,iv1_0.user_id,iv1_0.verification_method,iv1_0.verified_address,iv1_0.verified_at,iv1_0.verified_dob,iv1_0.verified_gender,iv1_0.verified_name from identity_verifications iv1_0 where iv1_0.user_id=?
Hibernate: insert into identity_verifications (aadhaar_last4,aadhaar_verified,created_at,identity_verified,mobile_number_masked,mobile_verified,updated_at,user_id,verification_method,verified_address,verified_at,verified_dob,verified_gender,verified_name,id) values (?,?,?,?,?,?,?,?,?,?,?,?,?,?,default)
Hibernate: select au1_0.id,au1_0.created_at,au1_0.email,au1_0.name,au1_0.password_hash,au1_0.role from users au1_0 where upper(au1_0.email)=upper(?)
Hibernate: insert into otp_verifications (attempt_count,created_at,expires_at,mobile_number,otp_hash,user_id,verified,id) values (?,?,?,?,?,?,?,default)
Demo OTP sent to +91******3525 OTP: 346950
Hibernate: select au1_0.id,au1_0.created_at,au1_0.email,au1_0.name,au1_0.password_hash,au1_0.role from users au1_0 where upper(au1_0.email)=upper(?)
Hibernate: select ov1_0.id,ov1_0.attempt_count,ov1_0.created_at,ov1_0.expires_at,ov1_0.mobile_number,ov1_0.otp_hash,ov1_0.user_id,ov1_0.verified from otp_verifications ov1_0 where ov1_0.user_id=? and not(ov1_0.verified) order by ov1_0.created_at desc fetch first ? rows only
Hibernate: select iv1_0.id,iv1_0.aadhaar_last4,iv1_0.aadhaar_verified,iv1_0.created_at,iv1_0.identity_verified,iv1_0.mobile_number_masked,iv1_0.mobile_verified,iv1_0.updated_at,iv1_0.user_id,iv1_0.verification_method,iv1_0.verified_address,iv1_0.verified_at,iv1_0.verified_dob,iv1_0.verified_gender,iv1_0.verified_name from identity_verifications iv1_0 where iv1_0.user_id=?
Hibernate: select kd1_0.id,kd1_0.device_key,kd1_0.first_seen_at,kd1_0.last_seen_at,kd1_0.user_id from known_devices kd1_0 where kd1_0.user_id=? and kd1_0.device_key=?
Hibernate: insert into known_devices (device_key,first_seen_at,last_seen_at,user_id,id) values (?,?,?,?,default)
Hibernate: update otp_verifications set attempt_count=?,expires_at=?,mobile_number=?,otp_hash=?,user_id=?,verified=? where id=?
Hibernate: update identity_verifications set aadhaar_last4=?,aadhaar_verified=?,identity_verified=?,mobile_number_masked=?,mobile_verified=?,updated_at=?,user_id=?,verification_method=?,verified_address=?,verified_at=?,verified_dob=?,verified_gender=?,verified_name=? where id=?
Hibernate: select au1_0.id,au1_0.created_at,au1_0.email,au1_0.name,au1_0.password_hash,au1_0.role from users au1_0 where upper(au1_0.email)=upper(?)
Hibernate: select iv1_0.id,iv1_0.aadhaar_last4,iv1_0.aadhaar_verified,iv1_0.created_at,iv1_0.identity_verified,iv1_0.mobile_number_masked,iv1_0.mobile_verified,iv1_0.updated_at,iv1_0.user_id,iv1_0.verification_method,iv1_0.verified_address,iv1_0.verified_at,iv1_0.verified_dob,iv1_0.verified_gender,iv1_0.verified_name from identity_verifications iv1_0 where iv1_0.user_id=?
Hibernate: select au1_0.id,au1_0.created_at,au1_0.email,au1_0.name,au1_0.password_hash,au1_0.role from users au1_0 where upper(au1_0.email)=upper(?)
Hibernate: select iv1_0.id,iv1_0.aadhaar_last4,iv1_0.aadhaar_verified,iv1_0.created_at,iv1_0.identity_verified,iv1_0.mobile_number_masked,iv1_0.mobile_verified,iv1_0.updated_at,iv1_0.user_id,iv1_0.verification_method,iv1_0.verified_address,iv1_0.verified_at,iv1_0.verified_dob,iv1_0.verified_gender,iv1_0.verified_name from identity_verifications iv1_0 where iv1_0.user_id=?
Hibernate: select au1_0.id,au1_0.created_at,au1_0.email,au1_0.name,au1_0.password_hash,au1_0.role from users au1_0 where upper(au1_0.email)=upper(?)
Hibernate: select iv1_0.id,iv1_0.aadhaar_last4,iv1_0.aadhaar_verified,iv1_0.created_at,iv1_0.identity_verified,iv1_0.mobile_number_masked,iv1_0.mobile_verified,iv1_0.updated_at,iv1_0.user_id,iv1_0.verification_method,iv1_0.verified_address,iv1_0.verified_at,iv1_0.verified_dob,iv1_0.verified_gender,iv1_0.verified_name from identity_verifications iv1_0 where iv1_0.user_id=?
Hibernate: select kd1_0.id,kd1_0.device_key,kd1_0.first_seen_at,kd1_0.last_seen_at,kd1_0.user_id from known_devices kd1_0 where kd1_0.user_id=? and kd1_0.device_key=?
================ FRAUD MODEL =================
Application ID: PENDING
Model Version: bootstrap-a930e8f0719f
Features: {"identityVerified":1,"mobileVerified":1,"deviceRisk":"LOW","locationRisk":"LOW","income":100000.0,"loanAmount":50000.0,"creditScore":800,"existingLoans":0,"loanToIncomeRatio":0.5,"employmentType":"SALARIED","modelTelemetry":{"deviceUnknown":0,"locationRisk":0,"sessionSeconds":180,"failedLogins24h":0,"ipChanged":0}}
ML Fraud Probability: 0.2%
Rule Score: 20.00
Decision Source: HYBRID_RULES+ML
==============================================
Hibernate: insert into loan_applications (aadhaar_last4,actual_outcome,age,annual_income,applicant_ip,city,created_at,credit_score,decision,decision_source,device_known,device_risk,email,employment_type,existing_loans,full_name,id_document_name,identity_verified,loan_amount,loan_purpose,location_risk,masked_aadhaar,ml_assessment,ml_feature_vector,ml_fraud_probability,ml_recommendation,ml_request_id,mobile_verified,model_explanation,model_version,national_id_number,national_id_type,pan_number,phone,reviewed_at,reviewed_by,risk_score,rule_risk_score,state,status,updated_at,user_id,id) values (?,?,?,?,?,?,?,?,?,?,?,?,?,?,?,?,?,?,?,?,?,?,?,?,?,?,?,?,?,?,?,?,?,?,?,?,?,?,?,?,?,?,default)
Final stored feature vector for application 2: {"mlFraudProbability":0.002001,"finalRiskScore":11.09,"decision":"LOW_RISK","featureVector":"{\"identityVerified\":1,\"mobileVerified\":1,\"deviceRisk\":\"LOW\",\"locationRisk\":\"LOW\",\"income\":100000.0,\"loanAmount\":50000.0,\"creditScore\":800,\"existingLoans\":0,\"loanToIncomeRatio\":0.5,\"employmentType\":\"SALARIED\",\"modelTelemetry\":{\"deviceUnknown\":0,\"locationRisk\":0,\"sessionSeconds\":180,\"failedLogins24h\":0,\"ipChanged\":0}}","ruleBasedScore":20.0}
Hibernate: select la1_0.id,la1_0.aadhaar_last4,la1_0.actual_outcome,la1_0.age,la1_0.annual_income,la1_0.applicant_ip,la1_0.city,la1_0.created_at,la1_0.credit_score,la1_0.decision,la1_0.decision_source,la1_0.device_known,la1_0.device_risk,la1_0.email,la1_0.employment_type,la1_0.existing_loans,la1_0.full_name,la1_0.id_document_name,la1_0.identity_verified,la1_0.loan_amount,la1_0.loan_purpose,la1_0.location_risk,la1_0.masked_aadhaar,la1_0.ml_assessment,la1_0.ml_feature_vector,la1_0.ml_fraud_probability,la1_0.ml_recommendation,la1_0.ml_request_id,la1_0.mobile_verified,la1_0.model_explanation,la1_0.model_version,la1_0.national_id_number,la1_0.national_id_type,la1_0.pan_number,la1_0.phone,la1_0.reviewed_at,la1_0.reviewed_by,la1_0.risk_score,la1_0.rule_risk_score,la1_0.state,la1_0.status,la1_0.updated_at,la1_0.user_id from loan_applications la1_0
Hibernate: select la1_0.id,la1_0.aadhaar_last4,la1_0.actual_outcome,la1_0.age,la1_0.annual_income,la1_0.applicant_ip,la1_0.city,la1_0.created_at,la1_0.credit_score,la1_0.decision,la1_0.decision_source,la1_0.device_known,la1_0.device_risk,la1_0.email,la1_0.employment_type,la1_0.existing_loans,la1_0.full_name,la1_0.id_document_name,la1_0.identity_verified,la1_0.loan_amount,la1_0.loan_purpose,la1_0.location_risk,la1_0.masked_aadhaar,la1_0.ml_assessment,la1_0.ml_feature_vector,la1_0.ml_fraud_probability,la1_0.ml_recommendation,la1_0.ml_request_id,la1_0.mobile_verified,la1_0.model_explanation,la1_0.model_version,la1_0.national_id_number,la1_0.national_id_type,la1_0.pan_number,la1_0.phone,la1_0.reviewed_at,la1_0.reviewed_by,la1_0.risk_score,la1_0.rule_risk_score,la1_0.state,la1_0.status,la1_0.updated_at,la1_0.user_id from loan_applications la1_0
Hibernate: select la1_0.id,la1_0.aadhaar_last4,la1_0.actual_outcome,la1_0.age,la1_0.annual_income,la1_0.applicant_ip,la1_0.city,la1_0.created_at,la1_0.credit_score,la1_0.decision,la1_0.decision_source,la1_0.device_known,la1_0.device_risk,la1_0.email,la1_0.employment_type,la1_0.existing_loans,la1_0.full_name,la1_0.id_document_name,la1_0.identity_verified,la1_0.loan_amount,la1_0.loan_purpose,la1_0.location_risk,la1_0.masked_aadhaar,la1_0.ml_assessment,la1_0.ml_feature_vector,la1_0.ml_fraud_probability,la1_0.ml_recommendation,la1_0.ml_request_id,la1_0.mobile_verified,la1_0.model_explanation,la1_0.model_version,la1_0.national_id_number,la1_0.national_id_type,la1_0.pan_number,la1_0.phone,la1_0.reviewed_at,la1_0.reviewed_by,la1_0.risk_score,la1_0.rule_risk_score,la1_0.state,la1_0.status,la1_0.updated_at,la1_0.user_id from loan_applications la1_0 where la1_0.id=?
Hibernate: select la1_0.id,la1_0.aadhaar_last4,la1_0.actual_outcome,la1_0.age,la1_0.annual_income,la1_0.applicant_ip,la1_0.city,la1_0.created_at,la1_0.credit_score,la1_0.decision,la1_0.decision_source,la1_0.device_known,la1_0.device_risk,la1_0.email,la1_0.employment_type,la1_0.existing_loans,la1_0.full_name,la1_0.id_document_name,la1_0.identity_verified,la1_0.loan_amount,la1_0.loan_purpose,la1_0.location_risk,la1_0.masked_aadhaar,la1_0.ml_assessment,la1_0.ml_feature_vector,la1_0.ml_fraud_probability,la1_0.ml_recommendation,la1_0.ml_request_id,la1_0.mobile_verified,la1_0.model_explanation,la1_0.model_version,la1_0.national_id_number,la1_0.national_id_type,la1_0.pan_number,la1_0.phone,la1_0.reviewed_at,la1_0.reviewed_by,la1_0.risk_score,la1_0.rule_risk_score,la1_0.state,la1_0.status,la1_0.updated_at,la1_0.user_id from loan_applications la1_0 where la1_0.id=?
Hibernate: select la1_0.id,la1_0.aadhaar_last4,la1_0.actual_outcome,la1_0.age,la1_0.annual_income,la1_0.applicant_ip,la1_0.city,la1_0.created_at,la1_0.credit_score,la1_0.decision,la1_0.decision_source,la1_0.device_known,la1_0.device_risk,la1_0.email,la1_0.employment_type,la1_0.existing_loans,la1_0.full_name,la1_0.id_document_name,la1_0.identity_verified,la1_0.loan_amount,la1_0.loan_purpose,la1_0.location_risk,la1_0.masked_aadhaar,la1_0.ml_assessment,la1_0.ml_feature_vector,la1_0.ml_fraud_probability,la1_0.ml_recommendation,la1_0.ml_request_id,la1_0.mobile_verified,la1_0.model_explanation,la1_0.model_version,la1_0.national_id_number,la1_0.national_id_type,la1_0.pan_number,la1_0.phone,la1_0.reviewed_at,la1_0.reviewed_by,la1_0.risk_score,la1_0.rule_risk_score,la1_0.state,la1_0.status,la1_0.updated_at,la1_0.user_id from loan_applications la1_0
Hibernate: select la1_0.id,la1_0.aadhaar_last4,la1_0.actual_outcome,la1_0.age,la1_0.annual_income,la1_0.applicant_ip,la1_0.city,la1_0.created_at,la1_0.credit_score,la1_0.decision,la1_0.decision_source,la1_0.device_known,la1_0.device_risk,la1_0.email,la1_0.employment_type,la1_0.existing_loans,la1_0.full_name,la1_0.id_document_name,la1_0.identity_verified,la1_0.loan_amount,la1_0.loan_purpose,la1_0.location_risk,la1_0.masked_aadhaar,la1_0.ml_assessment,la1_0.ml_feature_vector,la1_0.ml_fraud_probability,la1_0.ml_recommendation,la1_0.ml_request_id,la1_0.mobile_verified,la1_0.model_explanation,la1_0.model_version,la1_0.national_id_number,la1_0.national_id_type,la1_0.pan_number,la1_0.phone,la1_0.reviewed_at,la1_0.reviewed_by,la1_0.risk_score,la1_0.rule_risk_score,la1_0.state,la1_0.status,la1_0.updated_at,la1_0.user_id from loan_applications la1_0
Hibernate: select au1_0.id,au1_0.created_at,au1_0.email,au1_0.name,au1_0.password_hash,au1_0.role from users au1_0 where upper(au1_0.email)=upper(?)
Hibernate: select au1_0.id from users au1_0 where upper(au1_0.email)=upper(?) fetch first ? rows only
Hibernate: insert into users (created_at,email,name,password_hash,role,id) values (?,?,?,?,?,default)
Hibernate: select au1_0.id,au1_0.created_at,au1_0.email,au1_0.name,au1_0.password_hash,au1_0.role from users au1_0 where upper(au1_0.email)=upper(?)
Hibernate: select iv1_0.id,iv1_0.aadhaar_last4,iv1_0.aadhaar_verified,iv1_0.created_at,iv1_0.identity_verified,iv1_0.mobile_number_masked,iv1_0.mobile_verified,iv1_0.updated_at,iv1_0.user_id,iv1_0.verification_method,iv1_0.verified_address,iv1_0.verified_at,iv1_0.verified_dob,iv1_0.verified_gender,iv1_0.verified_name from identity_verifications iv1_0 where iv1_0.user_id=?
Hibernate: select au1_0.id,au1_0.created_at,au1_0.email,au1_0.name,au1_0.password_hash,au1_0.role from users au1_0 where upper(au1_0.email)=upper(?)
Hibernate: select iv1_0.id,iv1_0.aadhaar_last4,iv1_0.aadhaar_verified,iv1_0.created_at,iv1_0.identity_verified,iv1_0.mobile_number_masked,iv1_0.mobile_verified,iv1_0.updated_at,iv1_0.user_id,iv1_0.verification_method,iv1_0.verified_address,iv1_0.verified_at,iv1_0.verified_dob,iv1_0.verified_gender,iv1_0.verified_name from identity_verifications iv1_0 where iv1_0.user_id=?
Hibernate: select au1_0.id,au1_0.created_at,au1_0.email,au1_0.name,au1_0.password_hash,au1_0.role from users au1_0 where upper(au1_0.email)=upper(?)
Hibernate: select au1_0.id,au1_0.created_at,au1_0.email,au1_0.name,au1_0.password_hash,au1_0.role from users au1_0 where upper(au1_0.email)=upper(?)
Hibernate: select iv1_0.id,iv1_0.aadhaar_last4,iv1_0.aadhaar_verified,iv1_0.created_at,iv1_0.identity_verified,iv1_0.mobile_number_masked,iv1_0.mobile_verified,iv1_0.updated_at,iv1_0.user_id,iv1_0.verification_method,iv1_0.verified_address,iv1_0.verified_at,iv1_0.verified_dob,iv1_0.verified_gender,iv1_0.verified_name from identity_verifications iv1_0 where iv1_0.user_id=?
Hibernate: insert into identity_verifications (aadhaar_last4,aadhaar_verified,created_at,identity_verified,mobile_number_masked,mobile_verified,updated_at,user_id,verification_method,verified_address,verified_at,verified_dob,verified_gender,verified_name,id) values (?,?,?,?,?,?,?,?,?,?,?,?,?,?,default)
Hibernate: select au1_0.id,au1_0.created_at,au1_0.email,au1_0.name,au1_0.password_hash,au1_0.role from users au1_0 where upper(au1_0.email)=upper(?)
Hibernate: insert into otp_verifications (attempt_count,created_at,expires_at,mobile_number,otp_hash,user_id,verified,id) values (?,?,?,?,?,?,?,default)
Demo OTP sent to +91******3525 OTP: 268044
Hibernate: select au1_0.id,au1_0.created_at,au1_0.email,au1_0.name,au1_0.password_hash,au1_0.role from users au1_0 where upper(au1_0.email)=upper(?)
Hibernate: select ov1_0.id,ov1_0.attempt_count,ov1_0.created_at,ov1_0.expires_at,ov1_0.mobile_number,ov1_0.otp_hash,ov1_0.user_id,ov1_0.verified from otp_verifications ov1_0 where ov1_0.user_id=? and not(ov1_0.verified) order by ov1_0.created_at desc fetch first ? rows only
Hibernate: select iv1_0.id,iv1_0.aadhaar_last4,iv1_0.aadhaar_verified,iv1_0.created_at,iv1_0.identity_verified,iv1_0.mobile_number_masked,iv1_0.mobile_verified,iv1_0.updated_at,iv1_0.user_id,iv1_0.verification_method,iv1_0.verified_address,iv1_0.verified_at,iv1_0.verified_dob,iv1_0.verified_gender,iv1_0.verified_name from identity_verifications iv1_0 where iv1_0.user_id=?
Hibernate: select kd1_0.id,kd1_0.device_key,kd1_0.first_seen_at,kd1_0.last_seen_at,kd1_0.user_id from known_devices kd1_0 where kd1_0.user_id=? and kd1_0.device_key=?
Hibernate: insert into known_devices (device_key,first_seen_at,last_seen_at,user_id,id) values (?,?,?,?,default)
Hibernate: update otp_verifications set attempt_count=?,expires_at=?,mobile_number=?,otp_hash=?,user_id=?,verified=? where id=?
Hibernate: update identity_verifications set aadhaar_last4=?,aadhaar_verified=?,identity_verified=?,mobile_number_masked=?,mobile_verified=?,updated_at=?,user_id=?,verification_method=?,verified_address=?,verified_at=?,verified_dob=?,verified_gender=?,verified_name=? where id=?
Hibernate: select au1_0.id,au1_0.created_at,au1_0.email,au1_0.name,au1_0.password_hash,au1_0.role from users au1_0 where upper(au1_0.email)=upper(?)
Hibernate: select iv1_0.id,iv1_0.aadhaar_last4,iv1_0.aadhaar_verified,iv1_0.created_at,iv1_0.identity_verified,iv1_0.mobile_number_masked,iv1_0.mobile_verified,iv1_0.updated_at,iv1_0.user_id,iv1_0.verification_method,iv1_0.verified_address,iv1_0.verified_at,iv1_0.verified_dob,iv1_0.verified_gender,iv1_0.verified_name from identity_verifications iv1_0 where iv1_0.user_id=?
Hibernate: select au1_0.id,au1_0.created_at,au1_0.email,au1_0.name,au1_0.password_hash,au1_0.role from users au1_0 where upper(au1_0.email)=upper(?)
Hibernate: select iv1_0.id,iv1_0.aadhaar_last4,iv1_0.aadhaar_verified,iv1_0.created_at,iv1_0.identity_verified,iv1_0.mobile_number_masked,iv1_0.mobile_verified,iv1_0.updated_at,iv1_0.user_id,iv1_0.verification_method,iv1_0.verified_address,iv1_0.verified_at,iv1_0.verified_dob,iv1_0.verified_gender,iv1_0.verified_name from identity_verifications iv1_0 where iv1_0.user_id=?
Hibernate: select au1_0.id,au1_0.created_at,au1_0.email,au1_0.name,au1_0.password_hash,au1_0.role from users au1_0 where upper(au1_0.email)=upper(?)
Hibernate: select iv1_0.id,iv1_0.aadhaar_last4,iv1_0.aadhaar_verified,iv1_0.created_at,iv1_0.identity_verified,iv1_0.mobile_number_masked,iv1_0.mobile_verified,iv1_0.updated_at,iv1_0.user_id,iv1_0.verification_method,iv1_0.verified_address,iv1_0.verified_at,iv1_0.verified_dob,iv1_0.verified_gender,iv1_0.verified_name from identity_verifications iv1_0 where iv1_0.user_id=?
Hibernate: select kd1_0.id,kd1_0.device_key,kd1_0.first_seen_at,kd1_0.last_seen_at,kd1_0.user_id from known_devices kd1_0 where kd1_0.user_id=? and kd1_0.device_key=?
================ FRAUD MODEL =================
Application ID: PENDING
Model Version: bootstrap-a930e8f0719f
Features: {"identityVerified":1,"mobileVerified":1,"deviceRisk":"LOW","locationRisk":"LOW","income":100000.0,"loanAmount":90000.0,"creditScore":700,"existingLoans":0,"loanToIncomeRatio":0.9,"employmentType":"SALARIED","modelTelemetry":{"deviceUnknown":0,"locationRisk":0,"sessionSeconds":180,"failedLogins24h":0,"ipChanged":0}}
ML Fraud Probability: 0.2%
Rule Score: 35.00
Decision Source: HYBRID_RULES+ML
==============================================
Hibernate: insert into loan_applications (aadhaar_last4,actual_outcome,age,annual_income,applicant_ip,city,created_at,credit_score,decision,decision_source,device_known,device_risk,email,employment_type,existing_loans,full_name,id_document_name,identity_verified,loan_amount,loan_purpose,location_risk,masked_aadhaar,ml_assessment,ml_feature_vector,ml_fraud_probability,ml_recommendation,ml_request_id,mobile_verified,model_explanation,model_version,national_id_number,national_id_type,pan_number,phone,reviewed_at,reviewed_by,risk_score,rule_risk_score,state,status,updated_at,user_id,id) values (?,?,?,?,?,?,?,?,?,?,?,?,?,?,?,?,?,?,?,?,?,?,?,?,?,?,?,?,?,?,?,?,?,?,?,?,?,?,?,?,?,?,default)
Final stored feature vector for application 3: {"mlFraudProbability":0.002001,"finalRiskScore":19.34,"decision":"LOW_RISK","featureVector":"{\"identityVerified\":1,\"mobileVerified\":1,\"deviceRisk\":\"LOW\",\"locationRisk\":\"LOW\",\"income\":100000.0,\"loanAmount\":90000.0,\"creditScore\":700,\"existingLoans\":0,\"loanToIncomeRatio\":0.9,\"employmentType\":\"SALARIED\",\"modelTelemetry\":{\"deviceUnknown\":0,\"locationRisk\":0,\"sessionSeconds\":180,\"failedLogins24h\":0,\"ipChanged\":0}}","ruleBasedScore":35.0}
Hibernate: select la1_0.id,la1_0.aadhaar_last4,la1_0.actual_outcome,la1_0.age,la1_0.annual_income,la1_0.applicant_ip,la1_0.city,la1_0.created_at,la1_0.credit_score,la1_0.decision,la1_0.decision_source,la1_0.device_known,la1_0.device_risk,la1_0.email,la1_0.employment_type,la1_0.existing_loans,la1_0.full_name,la1_0.id_document_name,la1_0.identity_verified,la1_0.loan_amount,la1_0.loan_purpose,la1_0.location_risk,la1_0.masked_aadhaar,la1_0.ml_assessment,la1_0.ml_feature_vector,la1_0.ml_fraud_probability,la1_0.ml_recommendation,la1_0.ml_request_id,la1_0.mobile_verified,la1_0.model_explanation,la1_0.model_version,la1_0.national_id_number,la1_0.national_id_type,la1_0.pan_number,la1_0.phone,la1_0.reviewed_at,la1_0.reviewed_by,la1_0.risk_score,la1_0.rule_risk_score,la1_0.state,la1_0.status,la1_0.updated_at,la1_0.user_id from loan_applications la1_0
Hibernate: select la1_0.id,la1_0.aadhaar_last4,la1_0.actual_outcome,la1_0.age,la1_0.annual_income,la1_0.applicant_ip,la1_0.city,la1_0.created_at,la1_0.credit_score,la1_0.decision,la1_0.decision_source,la1_0.device_known,la1_0.device_risk,la1_0.email,la1_0.employment_type,la1_0.existing_loans,la1_0.full_name,la1_0.id_document_name,la1_0.identity_verified,la1_0.loan_amount,la1_0.loan_purpose,la1_0.location_risk,la1_0.masked_aadhaar,la1_0.ml_assessment,la1_0.ml_feature_vector,la1_0.ml_fraud_probability,la1_0.ml_recommendation,la1_0.ml_request_id,la1_0.mobile_verified,la1_0.model_explanation,la1_0.model_version,la1_0.national_id_number,la1_0.national_id_type,la1_0.pan_number,la1_0.phone,la1_0.reviewed_at,la1_0.reviewed_by,la1_0.risk_score,la1_0.rule_risk_score,la1_0.state,la1_0.status,la1_0.updated_at,la1_0.user_id from loan_applications la1_0
Hibernate: select la1_0.id,la1_0.aadhaar_last4,la1_0.actual_outcome,la1_0.age,la1_0.annual_income,la1_0.applicant_ip,la1_0.city,la1_0.created_at,la1_0.credit_score,la1_0.decision,la1_0.decision_source,la1_0.device_known,la1_0.device_risk,la1_0.email,la1_0.employment_type,la1_0.existing_loans,la1_0.full_name,la1_0.id_document_name,la1_0.identity_verified,la1_0.loan_amount,la1_0.loan_purpose,la1_0.location_risk,la1_0.masked_aadhaar,la1_0.ml_assessment,la1_0.ml_feature_vector,la1_0.ml_fraud_probability,la1_0.ml_recommendation,la1_0.ml_request_id,la1_0.mobile_verified,la1_0.model_explanation,la1_0.model_version,la1_0.national_id_number,la1_0.national_id_type,la1_0.pan_number,la1_0.phone,la1_0.reviewed_at,la1_0.reviewed_by,la1_0.risk_score,la1_0.rule_risk_score,la1_0.state,la1_0.status,la1_0.updated_at,la1_0.user_id from loan_applications la1_0 where la1_0.id=?
Hibernate: select la1_0.id,la1_0.aadhaar_last4,la1_0.actual_outcome,la1_0.age,la1_0.annual_income,la1_0.applicant_ip,la1_0.city,la1_0.created_at,la1_0.credit_score,la1_0.decision,la1_0.decision_source,la1_0.device_known,la1_0.device_risk,la1_0.email,la1_0.employment_type,la1_0.existing_loans,la1_0.full_name,la1_0.id_document_name,la1_0.identity_verified,la1_0.loan_amount,la1_0.loan_purpose,la1_0.location_risk,la1_0.masked_aadhaar,la1_0.ml_assessment,la1_0.ml_feature_vector,la1_0.ml_fraud_probability,la1_0.ml_recommendation,la1_0.ml_request_id,la1_0.mobile_verified,la1_0.model_explanation,la1_0.model_version,la1_0.national_id_number,la1_0.national_id_type,la1_0.pan_number,la1_0.phone,la1_0.reviewed_at,la1_0.reviewed_by,la1_0.risk_score,la1_0.rule_risk_score,la1_0.state,la1_0.status,la1_0.updated_at,la1_0.user_id from loan_applications la1_0 where la1_0.id=?
Hibernate: select la1_0.id,la1_0.aadhaar_last4,la1_0.actual_outcome,la1_0.age,la1_0.annual_income,la1_0.applicant_ip,la1_0.city,la1_0.created_at,la1_0.credit_score,la1_0.decision,la1_0.decision_source,la1_0.device_known,la1_0.device_risk,la1_0.email,la1_0.employment_type,la1_0.existing_loans,la1_0.full_name,la1_0.id_document_name,la1_0.identity_verified,la1_0.loan_amount,la1_0.loan_purpose,la1_0.location_risk,la1_0.masked_aadhaar,la1_0.ml_assessment,la1_0.ml_feature_vector,la1_0.ml_fraud_probability,la1_0.ml_recommendation,la1_0.ml_request_id,la1_0.mobile_verified,la1_0.model_explanation,la1_0.model_version,la1_0.national_id_number,la1_0.national_id_type,la1_0.pan_number,la1_0.phone,la1_0.reviewed_at,la1_0.reviewed_by,la1_0.risk_score,la1_0.rule_risk_score,la1_0.state,la1_0.status,la1_0.updated_at,la1_0.user_id from loan_applications la1_0
Hibernate: select la1_0.id,la1_0.aadhaar_last4,la1_0.actual_outcome,la1_0.age,la1_0.annual_income,la1_0.applicant_ip,la1_0.city,la1_0.created_at,la1_0.credit_score,la1_0.decision,la1_0.decision_source,la1_0.device_known,la1_0.device_risk,la1_0.email,la1_0.employment_type,la1_0.existing_loans,la1_0.full_name,la1_0.id_document_name,la1_0.identity_verified,la1_0.loan_amount,la1_0.loan_purpose,la1_0.location_risk,la1_0.masked_aadhaar,la1_0.ml_assessment,la1_0.ml_feature_vector,la1_0.ml_fraud_probability,la1_0.ml_recommendation,la1_0.ml_request_id,la1_0.mobile_verified,la1_0.model_explanation,la1_0.model_version,la1_0.national_id_number,la1_0.national_id_type,la1_0.pan_number,la1_0.phone,la1_0.reviewed_at,la1_0.reviewed_by,la1_0.risk_score,la1_0.rule_risk_score,la1_0.state,la1_0.status,la1_0.updated_at,la1_0.user_id from loan_applications la1_0
Hibernate: select au1_0.id,au1_0.created_at,au1_0.email,au1_0.name,au1_0.password_hash,au1_0.role from users au1_0 where upper(au1_0.email)=upper(?)
Hibernate: select au1_0.id from users au1_0 where upper(au1_0.email)=upper(?) fetch first ? rows only
Hibernate: insert into users (created_at,email,name,password_hash,role,id) values (?,?,?,?,?,default)
Hibernate: select au1_0.id,au1_0.created_at,au1_0.email,au1_0.name,au1_0.password_hash,au1_0.role from users au1_0 where upper(au1_0.email)=upper(?)
Hibernate: select la1_0.id,la1_0.aadhaar_last4,la1_0.actual_outcome,la1_0.age,la1_0.annual_income,la1_0.applicant_ip,la1_0.city,la1_0.created_at,la1_0.credit_score,la1_0.decision,la1_0.decision_source,la1_0.device_known,la1_0.device_risk,la1_0.email,la1_0.employment_type,la1_0.existing_loans,la1_0.full_name,la1_0.id_document_name,la1_0.identity_verified,la1_0.loan_amount,la1_0.loan_purpose,la1_0.location_risk,la1_0.masked_aadhaar,la1_0.ml_assessment,la1_0.ml_feature_vector,la1_0.ml_fraud_probability,la1_0.ml_recommendation,la1_0.ml_request_id,la1_0.mobile_verified,la1_0.model_explanation,la1_0.model_version,la1_0.national_id_number,la1_0.national_id_type,la1_0.pan_number,la1_0.phone,la1_0.reviewed_at,la1_0.reviewed_by,la1_0.risk_score,la1_0.rule_risk_score,la1_0.state,la1_0.status,la1_0.updated_at,la1_0.user_id from loan_applications la1_0 where la1_0.user_id=? order by la1_0.created_at desc
Hibernate: select au1_0.id,au1_0.created_at,au1_0.email,au1_0.name,au1_0.password_hash,au1_0.role from users au1_0 where upper(au1_0.email)=upper(?)
Hibernate: select la1_0.id,la1_0.aadhaar_last4,la1_0.actual_outcome,la1_0.age,la1_0.annual_income,la1_0.applicant_ip,la1_0.city,la1_0.created_at,la1_0.credit_score,la1_0.decision,la1_0.decision_source,la1_0.device_known,la1_0.device_risk,la1_0.email,la1_0.employment_type,la1_0.existing_loans,la1_0.full_name,la1_0.id_document_name,la1_0.identity_verified,la1_0.loan_amount,la1_0.loan_purpose,la1_0.location_risk,la1_0.masked_aadhaar,la1_0.ml_assessment,la1_0.ml_feature_vector,la1_0.ml_fraud_probability,la1_0.ml_recommendation,la1_0.ml_request_id,la1_0.mobile_verified,la1_0.model_explanation,la1_0.model_version,la1_0.national_id_number,la1_0.national_id_type,la1_0.pan_number,la1_0.phone,la1_0.reviewed_at,la1_0.reviewed_by,la1_0.risk_score,la1_0.rule_risk_score,la1_0.state,la1_0.status,la1_0.updated_at,la1_0.user_id from loan_applications la1_0 where la1_0.user_id=? order by la1_0.created_at desc
Hibernate: select au1_0.id,au1_0.created_at,au1_0.email,au1_0.name,au1_0.password_hash,au1_0.role from users au1_0 where upper(au1_0.email)=upper(?)
Hibernate: select iv1_0.id,iv1_0.aadhaar_last4,iv1_0.aadhaar_verified,iv1_0.created_at,iv1_0.identity_verified,iv1_0.mobile_number_masked,iv1_0.mobile_verified,iv1_0.updated_at,iv1_0.user_id,iv1_0.verification_method,iv1_0.verified_address,iv1_0.verified_at,iv1_0.verified_dob,iv1_0.verified_gender,iv1_0.verified_name from identity_verifications iv1_0 where iv1_0.user_id=?
Hibernate: select au1_0.id,au1_0.created_at,au1_0.email,au1_0.name,au1_0.password_hash,au1_0.role from users au1_0 where upper(au1_0.email)=upper(?)
Hibernate: select iv1_0.id,iv1_0.aadhaar_last4,iv1_0.aadhaar_verified,iv1_0.created_at,iv1_0.identity_verified,iv1_0.mobile_number_masked,iv1_0.mobile_verified,iv1_0.updated_at,iv1_0.user_id,iv1_0.verification_method,iv1_0.verified_address,iv1_0.verified_at,iv1_0.verified_dob,iv1_0.verified_gender,iv1_0.verified_name from identity_verifications iv1_0 where iv1_0.user_id=?
Hibernate: select au1_0.id,au1_0.created_at,au1_0.email,au1_0.name,au1_0.password_hash,au1_0.role from users au1_0 where upper(au1_0.email)=upper(?)
Hibernate: select iv1_0.id,iv1_0.aadhaar_last4,iv1_0.aadhaar_verified,iv1_0.created_at,iv1_0.identity_verified,iv1_0.mobile_number_masked,iv1_0.mobile_verified,iv1_0.updated_at,iv1_0.user_id,iv1_0.verification_method,iv1_0.verified_address,iv1_0.verified_at,iv1_0.verified_dob,iv1_0.verified_gender,iv1_0.verified_name from identity_verifications iv1_0 where iv1_0.user_id=?
Hibernate: select au1_0.id,au1_0.created_at,au1_0.email,au1_0.name,au1_0.password_hash,au1_0.role from users au1_0 where upper(au1_0.email)=upper(?)
Hibernate: select iv1_0.id,iv1_0.aadhaar_last4,iv1_0.aadhaar_verified,iv1_0.created_at,iv1_0.identity_verified,iv1_0.mobile_number_masked,iv1_0.mobile_verified,iv1_0.updated_at,iv1_0.user_id,iv1_0.verification_method,iv1_0.verified_address,iv1_0.verified_at,iv1_0.verified_dob,iv1_0.verified_gender,iv1_0.verified_name from identity_verifications iv1_0 where iv1_0.user_id=?
Hibernate: select au1_0.id,au1_0.created_at,au1_0.email,au1_0.name,au1_0.password_hash,au1_0.role from users au1_0 where upper(au1_0.email)=upper(?)
Hibernate: select au1_0.id,au1_0.created_at,au1_0.email,au1_0.name,au1_0.password_hash,au1_0.role from users au1_0 where upper(au1_0.email)=upper(?)
Hibernate: select iv1_0.id,iv1_0.aadhaar_last4,iv1_0.aadhaar_verified,iv1_0.created_at,iv1_0.identity_verified,iv1_0.mobile_number_masked,iv1_0.mobile_verified,iv1_0.updated_at,iv1_0.user_id,iv1_0.verification_method,iv1_0.verified_address,iv1_0.verified_at,iv1_0.verified_dob,iv1_0.verified_gender,iv1_0.verified_name from identity_verifications iv1_0 where iv1_0.user_id=?
Hibernate: insert into identity_verifications (aadhaar_last4,aadhaar_verified,created_at,identity_verified,mobile_number_masked,mobile_verified,updated_at,user_id,verification_method,verified_address,verified_at,verified_dob,verified_gender,verified_name,id) values (?,?,?,?,?,?,?,?,?,?,?,?,?,?,default)
Hibernate: select au1_0.id,au1_0.created_at,au1_0.email,au1_0.name,au1_0.password_hash,au1_0.role from users au1_0 where upper(au1_0.email)=upper(?)
Hibernate: insert into otp_verifications (attempt_count,created_at,expires_at,mobile_number,otp_hash,user_id,verified,id) values (?,?,?,?,?,?,?,default)
Demo OTP sent to +91******3525 OTP: 408948
Hibernate: select au1_0.id,au1_0.created_at,au1_0.email,au1_0.name,au1_0.password_hash,au1_0.role from users au1_0 where upper(au1_0.email)=upper(?)
Hibernate: select ov1_0.id,ov1_0.attempt_count,ov1_0.created_at,ov1_0.expires_at,ov1_0.mobile_number,ov1_0.otp_hash,ov1_0.user_id,ov1_0.verified from otp_verifications ov1_0 where ov1_0.user_id=? and not(ov1_0.verified) order by ov1_0.created_at desc fetch first ? rows only
Hibernate: select iv1_0.id,iv1_0.aadhaar_last4,iv1_0.aadhaar_verified,iv1_0.created_at,iv1_0.identity_verified,iv1_0.mobile_number_masked,iv1_0.mobile_verified,iv1_0.updated_at,iv1_0.user_id,iv1_0.verification_method,iv1_0.verified_address,iv1_0.verified_at,iv1_0.verified_dob,iv1_0.verified_gender,iv1_0.verified_name from identity_verifications iv1_0 where iv1_0.user_id=?
Hibernate: select kd1_0.id,kd1_0.device_key,kd1_0.first_seen_at,kd1_0.last_seen_at,kd1_0.user_id from known_devices kd1_0 where kd1_0.user_id=? and kd1_0.device_key=?
Hibernate: insert into known_devices (device_key,first_seen_at,last_seen_at,user_id,id) values (?,?,?,?,default)
Hibernate: update otp_verifications set attempt_count=?,expires_at=?,mobile_number=?,otp_hash=?,user_id=?,verified=? where id=?
Hibernate: update identity_verifications set aadhaar_last4=?,aadhaar_verified=?,identity_verified=?,mobile_number_masked=?,mobile_verified=?,updated_at=?,user_id=?,verification_method=?,verified_address=?,verified_at=?,verified_dob=?,verified_gender=?,verified_name=? where id=?
Hibernate: select au1_0.id,au1_0.created_at,au1_0.email,au1_0.name,au1_0.password_hash,au1_0.role from users au1_0 where upper(au1_0.email)=upper(?)
Hibernate: select iv1_0.id,iv1_0.aadhaar_last4,iv1_0.aadhaar_verified,iv1_0.created_at,iv1_0.identity_verified,iv1_0.mobile_number_masked,iv1_0.mobile_verified,iv1_0.updated_at,iv1_0.user_id,iv1_0.verification_method,iv1_0.verified_address,iv1_0.verified_at,iv1_0.verified_dob,iv1_0.verified_gender,iv1_0.verified_name from identity_verifications iv1_0 where iv1_0.user_id=?
Hibernate: select au1_0.id,au1_0.created_at,au1_0.email,au1_0.name,au1_0.password_hash,au1_0.role from users au1_0 where upper(au1_0.email)=upper(?)
Hibernate: select iv1_0.id,iv1_0.aadhaar_last4,iv1_0.aadhaar_verified,iv1_0.created_at,iv1_0.identity_verified,iv1_0.mobile_number_masked,iv1_0.mobile_verified,iv1_0.updated_at,iv1_0.user_id,iv1_0.verification_method,iv1_0.verified_address,iv1_0.verified_at,iv1_0.verified_dob,iv1_0.verified_gender,iv1_0.verified_name from identity_verifications iv1_0 where iv1_0.user_id=?
Hibernate: select au1_0.id,au1_0.created_at,au1_0.email,au1_0.name,au1_0.password_hash,au1_0.role from users au1_0 where upper(au1_0.email)=upper(?)
Hibernate: select iv1_0.id,iv1_0.aadhaar_last4,iv1_0.aadhaar_verified,iv1_0.created_at,iv1_0.identity_verified,iv1_0.mobile_number_masked,iv1_0.mobile_verified,iv1_0.updated_at,iv1_0.user_id,iv1_0.verification_method,iv1_0.verified_address,iv1_0.verified_at,iv1_0.verified_dob,iv1_0.verified_gender,iv1_0.verified_name from identity_verifications iv1_0 where iv1_0.user_id=?
Hibernate: select kd1_0.id,kd1_0.device_key,kd1_0.first_seen_at,kd1_0.last_seen_at,kd1_0.user_id from known_devices kd1_0 where kd1_0.user_id=? and kd1_0.device_key=?
================ FRAUD MODEL =================
Application ID: PENDING
Model Version: bootstrap-a930e8f0719f
Features: {"identityVerified":1,"mobileVerified":1,"deviceRisk":"LOW","locationRisk":"LOW","income":100000.0,"loanAmount":50000.0,"creditScore":500,"existingLoans":0,"loanToIncomeRatio":0.5,"employmentType":"BUSINESS","modelTelemetry":{"deviceUnknown":0,"locationRisk":0,"sessionSeconds":180,"failedLogins24h":0,"ipChanged":0}}
ML Fraud Probability: 0.2%
Rule Score: 53.00
Decision Source: HYBRID_RULES+ML
==============================================
Hibernate: insert into loan_applications (aadhaar_last4,actual_outcome,age,annual_income,applicant_ip,city,created_at,credit_score,decision,decision_source,device_known,device_risk,email,employment_type,existing_loans,full_name,id_document_name,identity_verified,loan_amount,loan_purpose,location_risk,masked_aadhaar,ml_assessment,ml_feature_vector,ml_fraud_probability,ml_recommendation,ml_request_id,mobile_verified,model_explanation,model_version,national_id_number,national_id_type,pan_number,phone,reviewed_at,reviewed_by,risk_score,rule_risk_score,state,status,updated_at,user_id,id) values (?,?,?,?,?,?,?,?,?,?,?,?,?,?,?,?,?,?,?,?,?,?,?,?,?,?,?,?,?,?,?,?,?,?,?,?,?,?,?,?,?,?,default)
Final stored feature vector for application 4: {"mlFraudProbability":0.002001,"finalRiskScore":29.24,"decision":"LOW_RISK","featureVector":"{\"identityVerified\":1,\"mobileVerified\":1,\"deviceRisk\":\"LOW\",\"locationRisk\":\"LOW\",\"income\":100000.0,\"loanAmount\":50000.0,\"creditScore\":500,\"existingLoans\":0,\"loanToIncomeRatio\":0.5,\"employmentType\":\"BUSINESS\",\"modelTelemetry\":{\"deviceUnknown\":0,\"locationRisk\":0,\"sessionSeconds\":180,\"failedLogins24h\":0,\"ipChanged\":0}}","ruleBasedScore":53.0}
Hibernate: select la1_0.id,la1_0.aadhaar_last4,la1_0.actual_outcome,la1_0.age,la1_0.annual_income,la1_0.applicant_ip,la1_0.city,la1_0.created_at,la1_0.credit_score,la1_0.decision,la1_0.decision_source,la1_0.device_known,la1_0.device_risk,la1_0.email,la1_0.employment_type,la1_0.existing_loans,la1_0.full_name,la1_0.id_document_name,la1_0.identity_verified,la1_0.loan_amount,la1_0.loan_purpose,la1_0.location_risk,la1_0.masked_aadhaar,la1_0.ml_assessment,la1_0.ml_feature_vector,la1_0.ml_fraud_probability,la1_0.ml_recommendation,la1_0.ml_request_id,la1_0.mobile_verified,la1_0.model_explanation,la1_0.model_version,la1_0.national_id_number,la1_0.national_id_type,la1_0.pan_number,la1_0.phone,la1_0.reviewed_at,la1_0.reviewed_by,la1_0.risk_score,la1_0.rule_risk_score,la1_0.state,la1_0.status,la1_0.updated_at,la1_0.user_id from loan_applications la1_0
Hibernate: select la1_0.id,la1_0.aadhaar_last4,la1_0.actual_outcome,la1_0.age,la1_0.annual_income,la1_0.applicant_ip,la1_0.city,la1_0.created_at,la1_0.credit_score,la1_0.decision,la1_0.decision_source,la1_0.device_known,la1_0.device_risk,la1_0.email,la1_0.employment_type,la1_0.existing_loans,la1_0.full_name,la1_0.id_document_name,la1_0.identity_verified,la1_0.loan_amount,la1_0.loan_purpose,la1_0.location_risk,la1_0.masked_aadhaar,la1_0.ml_assessment,la1_0.ml_feature_vector,la1_0.ml_fraud_probability,la1_0.ml_recommendation,la1_0.ml_request_id,la1_0.mobile_verified,la1_0.model_explanation,la1_0.model_version,la1_0.national_id_number,la1_0.national_id_type,la1_0.pan_number,la1_0.phone,la1_0.reviewed_at,la1_0.reviewed_by,la1_0.risk_score,la1_0.rule_risk_score,la1_0.state,la1_0.status,la1_0.updated_at,la1_0.user_id from loan_applications la1_0
Hibernate: select la1_0.id,la1_0.aadhaar_last4,la1_0.actual_outcome,la1_0.age,la1_0.annual_income,la1_0.applicant_ip,la1_0.city,la1_0.created_at,la1_0.credit_score,la1_0.decision,la1_0.decision_source,la1_0.device_known,la1_0.device_risk,la1_0.email,la1_0.employment_type,la1_0.existing_loans,la1_0.full_name,la1_0.id_document_name,la1_0.identity_verified,la1_0.loan_amount,la1_0.loan_purpose,la1_0.location_risk,la1_0.masked_aadhaar,la1_0.ml_assessment,la1_0.ml_feature_vector,la1_0.ml_fraud_probability,la1_0.ml_recommendation,la1_0.ml_request_id,la1_0.mobile_verified,la1_0.model_explanation,la1_0.model_version,la1_0.national_id_number,la1_0.national_id_type,la1_0.pan_number,la1_0.phone,la1_0.reviewed_at,la1_0.reviewed_by,la1_0.risk_score,la1_0.rule_risk_score,la1_0.state,la1_0.status,la1_0.updated_at,la1_0.user_id from loan_applications la1_0 where la1_0.id=?
Hibernate: select la1_0.id,la1_0.aadhaar_last4,la1_0.actual_outcome,la1_0.age,la1_0.annual_income,la1_0.applicant_ip,la1_0.city,la1_0.created_at,la1_0.credit_score,la1_0.decision,la1_0.decision_source,la1_0.device_known,la1_0.device_risk,la1_0.email,la1_0.employment_type,la1_0.existing_loans,la1_0.full_name,la1_0.id_document_name,la1_0.identity_verified,la1_0.loan_amount,la1_0.loan_purpose,la1_0.location_risk,la1_0.masked_aadhaar,la1_0.ml_assessment,la1_0.ml_feature_vector,la1_0.ml_fraud_probability,la1_0.ml_recommendation,la1_0.ml_request_id,la1_0.mobile_verified,la1_0.model_explanation,la1_0.model_version,la1_0.national_id_number,la1_0.national_id_type,la1_0.pan_number,la1_0.phone,la1_0.reviewed_at,la1_0.reviewed_by,la1_0.risk_score,la1_0.rule_risk_score,la1_0.state,la1_0.status,la1_0.updated_at,la1_0.user_id from loan_applications la1_0 where la1_0.id=?
Hibernate: select au1_0.id,au1_0.created_at,au1_0.email,au1_0.name,au1_0.password_hash,au1_0.role from users au1_0 where upper(au1_0.email)=upper(?)
Hibernate: select iv1_0.id,iv1_0.aadhaar_last4,iv1_0.aadhaar_verified,iv1_0.created_at,iv1_0.identity_verified,iv1_0.mobile_number_masked,iv1_0.mobile_verified,iv1_0.updated_at,iv1_0.user_id,iv1_0.verification_method,iv1_0.verified_address,iv1_0.verified_at,iv1_0.verified_dob,iv1_0.verified_gender,iv1_0.verified_name from identity_verifications iv1_0 where iv1_0.user_id=?
Hibernate: select au1_0.id,au1_0.created_at,au1_0.email,au1_0.name,au1_0.password_hash,au1_0.role from users au1_0 where upper(au1_0.email)=upper(?)
Hibernate: select iv1_0.id,iv1_0.aadhaar_last4,iv1_0.aadhaar_verified,iv1_0.created_at,iv1_0.identity_verified,iv1_0.mobile_number_masked,iv1_0.mobile_verified,iv1_0.updated_at,iv1_0.user_id,iv1_0.verification_method,iv1_0.verified_address,iv1_0.verified_at,iv1_0.verified_dob,iv1_0.verified_gender,iv1_0.verified_name from identity_verifications iv1_0 where iv1_0.user_id=?
Hibernate: select la1_0.id,la1_0.aadhaar_last4,la1_0.actual_outcome,la1_0.age,la1_0.annual_income,la1_0.applicant_ip,la1_0.city,la1_0.created_at,la1_0.credit_score,la1_0.decision,la1_0.decision_source,la1_0.device_known,la1_0.device_risk,la1_0.email,la1_0.employment_type,la1_0.existing_loans,la1_0.full_name,la1_0.id_document_name,la1_0.identity_verified,la1_0.loan_amount,la1_0.loan_purpose,la1_0.location_risk,la1_0.masked_aadhaar,la1_0.ml_assessment,la1_0.ml_feature_vector,la1_0.ml_fraud_probability,la1_0.ml_recommendation,la1_0.ml_request_id,la1_0.mobile_verified,la1_0.model_explanation,la1_0.model_version,la1_0.national_id_number,la1_0.national_id_type,la1_0.pan_number,la1_0.phone,la1_0.reviewed_at,la1_0.reviewed_by,la1_0.risk_score,la1_0.rule_risk_score,la1_0.state,la1_0.status,la1_0.updated_at,la1_0.user_id from loan_applications la1_0 where la1_0.id=?
Hibernate: select la1_0.id,la1_0.aadhaar_last4,la1_0.actual_outcome,la1_0.age,la1_0.annual_income,la1_0.applicant_ip,la1_0.city,la1_0.created_at,la1_0.credit_score,la1_0.decision,la1_0.decision_source,la1_0.device_known,la1_0.device_risk,la1_0.email,la1_0.employment_type,la1_0.existing_loans,la1_0.full_name,la1_0.id_document_name,la1_0.identity_verified,la1_0.loan_amount,la1_0.loan_purpose,la1_0.location_risk,la1_0.masked_aadhaar,la1_0.ml_assessment,la1_0.ml_feature_vector,la1_0.ml_fraud_probability,la1_0.ml_recommendation,la1_0.ml_request_id,la1_0.mobile_verified,la1_0.model_explanation,la1_0.model_version,la1_0.national_id_number,la1_0.national_id_type,la1_0.pan_number,la1_0.phone,la1_0.reviewed_at,la1_0.reviewed_by,la1_0.risk_score,la1_0.rule_risk_score,la1_0.state,la1_0.status,la1_0.updated_at,la1_0.user_id from loan_applications la1_0 where la1_0.id=?
[INFO] ------------------------------------------------------------------------
[INFO] BUILD FAILURE
[INFO] ------------------------------------------------------------------------
[INFO] Total time:  10:34 min
[INFO] Finished at: 2026-09-22T12:05:06+05:30
[INFO] ------------------------------------------------------------------------
[ERROR] Failed to execute goal org.springframework.boot:spring-boot-maven-plugin:3.5.6:run (default-cli) on project backend: Process terminated with exit code: 1 -> [Help 1]
[ERROR] 
[ERROR] To see the full stack trace of the errors, re-run Maven with the -e switch.
[ERROR] Re-run Maven using the -X switch to enable full debug logging.
[ERROR] 
[ERROR] For more information about the errors and possible solutions, please read the following articles:
[ERROR] [Help 1] http://cwiki.apache.org/confluence/display/MAVEN/MojoExecutionException
